// Jest Snapshot v1, https://goo.gl/fbAQLP

exports[`plugin should contain metadata 1`] = `"!function(e){var t={};function r(n){if(t[n])return t[n].exports;var o=t[n]={i:n,l:!1,exports:{}};return e[n].call(o.exports,o,o.exports,r),o.l=!0,o.exports}r.m=e,r.c=t,r.d=function(e,t,n){r.o(e,t)||Object.defineProperty(e,t,{enumerable:!0,get:n})},r.r=function(e){\\"undefined\\"!=typeof Symbol&&Symbol.toStringTag&&Object.defineProperty(e,Symbol.toStringTag,{value:\\"Module\\"}),Object.defineProperty(e,\\"__esModule\\",{value:!0})},r.t=function(e,t){if(1&t&&(e=r(e)),8&t)return e;if(4&t&&\\"object\\"==typeof e&&e&&e.__esModule)return e;var n=Object.create(null);if(r.r(n),Object.defineProperty(n,\\"default\\",{enumerable:!0,value:e}),2&t&&\\"string\\"!=typeof e)for(var o in e)r.d(n,o,function(t){return e[t]}.bind(null,o));return n},r.n=function(e){var t=e&&e.__esModule?function(){return e.default}:function(){return e};return r.d(t,\\"a\\",t),t},r.o=function(e,t){return Object.prototype.hasOwnProperty.call(e,t)},r.p=\\"\\",r(r.s=0)}([function(e,t,r){\\"use strict\\";r.r(t);var n={};r.r(n),r.d(n,\\"default\\",function(){return o});var o={root:{path:'\\"../test/__fixtures__/project-2\\"',json:{name:\\"project-2\\",workspaces:[\\"components/{atom,molecule}/*\\",\\"website\\"]}},workspaces:[{path:'\\"../test/__fixtures__/project-2/website\\"',json:{name:\\"@ui/website\\",private:!0}},{path:'\\"../test/__fixtures__/project-2/components/atom/button\\"',json:{name:\\"@ui/button\\"}},{path:'\\"../test/__fixtures__/project-2/components/molecule/feature-panel\\"',json:{name:\\"@ui/feature-panel\\"}}]};console.log(n)}]);"`;

exports[`plugin should contain stringified metadata 1`] = `"!function(e){var r={};function t(n){if(r[n])return r[n].exports;var o=r[n]={i:n,l:!1,exports:{}};return e[n].call(o.exports,o,o.exports,t),o.l=!0,o.exports}t.m=e,t.c=r,t.d=function(e,r,n){t.o(e,r)||Object.defineProperty(e,r,{enumerable:!0,get:n})},t.r=function(e){\\"undefined\\"!=typeof Symbol&&Symbol.toStringTag&&Object.defineProperty(e,Symbol.toStringTag,{value:\\"Module\\"}),Object.defineProperty(e,\\"__esModule\\",{value:!0})},t.t=function(e,r){if(1&r&&(e=t(e)),8&r)return e;if(4&r&&\\"object\\"==typeof e&&e&&e.__esModule)return e;var n=Object.create(null);if(t.r(n),Object.defineProperty(n,\\"default\\",{enumerable:!0,value:e}),2&r&&\\"string\\"!=typeof e)for(var o in e)t.d(n,o,function(r){return e[r]}.bind(null,o));return n},t.n=function(e){var r=e&&e.__esModule?function(){return e.default}:function(){return e};return t.d(r,\\"a\\",r),r},t.o=function(e,r){return Object.prototype.hasOwnProperty.call(e,r)},t.p=\\"\\",t(t.s=0)}([function(e,r,t){\\"use strict\\";t.r(r);var n={};t.r(n),t.d(n,\\"default\\",function(){return o});var o={load:()=>({foo:\\"bar\\"})};console.log(n)}]);"`;

exports[`plugin should contain transformed metadata 1`] = `"!function(e){var r={};function t(n){if(r[n])return r[n].exports;var o=r[n]={i:n,l:!1,exports:{}};return e[n].call(o.exports,o,o.exports,t),o.l=!0,o.exports}t.m=e,t.c=r,t.d=function(e,r,n){t.o(e,r)||Object.defineProperty(e,r,{enumerable:!0,get:n})},t.r=function(e){\\"undefined\\"!=typeof Symbol&&Symbol.toStringTag&&Object.defineProperty(e,Symbol.toStringTag,{value:\\"Module\\"}),Object.defineProperty(e,\\"__esModule\\",{value:!0})},t.t=function(e,r){if(1&r&&(e=t(e)),8&r)return e;if(4&r&&\\"object\\"==typeof e&&e&&e.__esModule)return e;var n=Object.create(null);if(t.r(n),Object.defineProperty(n,\\"default\\",{enumerable:!0,value:e}),2&r&&\\"string\\"!=typeof e)for(var o in e)t.d(n,o,function(r){return e[r]}.bind(null,o));return n},t.n=function(e){var r=e&&e.__esModule?function(){return e.default}:function(){return e};return t.d(r,\\"a\\",r),r},t.o=function(e,r){return Object.prototype.hasOwnProperty.call(e,r)},t.p=\\"\\",t(t.s=0)}([function(e,r,t){\\"use strict\\";t.r(r);var n={};t.r(n),t.d(n,\\"default\\",function(){return o});var o={foo:\\"bar\\"};console.log(n)}]);"`;
